stm32f4xx_it.c:74:6:NMI_Handler	8	static
stm32f4xx_it.c:90:6:HardFault_Handler	4	static
stm32f4xx_it.c:105:6:MemManage_Handler	4	static
stm32f4xx_it.c:120:6:BusFault_Handler	4	static
stm32f4xx_it.c:135:6:UsageFault_Handler	4	static
stm32f4xx_it.c:150:6:SVC_Handler	4	static
stm32f4xx_it.c:163:6:DebugMon_Handler	4	static
stm32f4xx_it.c:176:6:PendSV_Handler	4	static
stm32f4xx_it.c:189:6:SysTick_Handler	8	static
stm32f4xx_it.c:210:6:USART2_IRQHandler	8	static
stm32f4xx_it.c:224:6:USART3_IRQHandler	8	static
stm32f4xx_it.c:238:6:UART4_IRQHandler	8	static
stm32f4xx_it.c:252:6:TIM7_IRQHandler	8	static
stm32f4xx_it.c:266:6:OTG_FS_IRQHandler	8	static
